// Jest Snapshot v1, https://goo.gl/fbAQLP

exports[`About scene should render correctly 1`] = `
<div>
  About
</div>
`;
