// Jest Snapshot v1, https://goo.gl/fbAQLP

exports[`Home scene should render correctly 1`] = `
<div>
  Home
</div>
`;
